Copyright 1986-2022 Xilinx, Inc. All Rights Reserved. Copyright 2022-2023 Advanced Micro Devices, Inc. All Rights Reserved.
---------------------------------------------------------------------------------------------------------------------------------------------
| Tool Version : Vivado v.2023.1 (win64) Build 3865809 Sun May  7 15:05:29 MDT 2023
| Date         : Wed May 13 14:40:30 2026
| Host         : LAPTOP-8QC78VQI running 64-bit major release  (build 9200)
| Command      : report_control_sets -verbose -file MusicPLayerTop_control_sets_placed.rpt
| Design       : MusicPLayerTop
| Device       : xc7a200t
---------------------------------------------------------------------------------------------------------------------------------------------

Control Set Information

Table of Contents
-----------------
1. Summary
2. Histogram
3. Flip-Flop Distribution
4. Detailed Control Set Information

1. Summary
----------

+----------------------------------------------------------+-------+
|                          Status                          | Count |
+----------------------------------------------------------+-------+
| Total control sets                                       |    19 |
|    Minimum number of control sets                        |    19 |
|    Addition due to synthesis replication                 |     0 |
|    Addition due to physical synthesis replication        |     0 |
| Unused register locations in slices containing registers |    54 |
+----------------------------------------------------------+-------+
* Control sets can be merged at opt_design using control_set_merge or merge_equivalent_drivers
** Run report_qor_suggestions for automated merging and remapping suggestions


2. Histogram
------------

+--------------------+-------+
|       Fanout       | Count |
+--------------------+-------+
| Total control sets |    19 |
| >= 0 to < 4        |     4 |
| >= 4 to < 6        |     4 |
| >= 6 to < 8        |     2 |
| >= 8 to < 10       |     1 |
| >= 10 to < 12      |     1 |
| >= 12 to < 14      |     0 |
| >= 14 to < 16      |     1 |
| >= 16              |     6 |
+--------------------+-------+
* Control sets can be remapped at either synth_design or opt_design


3. Flip-Flop Distribution
-------------------------

+--------------+-----------------------+------------------------+-----------------+--------------+
| Clock Enable | Synchronous Set/Reset | Asynchronous Set/Reset | Total Registers | Total Slices |
+--------------+-----------------------+------------------------+-----------------+--------------+
| No           | No                    | No                     |              51 |           27 |
| No           | No                    | Yes                    |               0 |            0 |
| No           | Yes                   | No                     |              53 |           17 |
| Yes          | No                    | No                     |              16 |            5 |
| Yes          | No                    | Yes                    |               0 |            0 |
| Yes          | Yes                   | No                     |              58 |           18 |
+--------------+-----------------------+------------------------+-----------------+--------------+


4. Detailed Control Set Information
-----------------------------------

+--------------------------------------+------------------------------------------------------+-------------------------------------------------------+------------------+----------------+--------------+
|             Clock Signal             |                     Enable Signal                    |                    Set/Reset Signal                   | Slice Load Count | Bel Load Count | Bels / Slice |
+--------------------------------------+------------------------------------------------------+-------------------------------------------------------+------------------+----------------+--------------+
| ~AudioInterface_inst/LRCLK_OBUF_BUFG |                                                      |                                                       |                1 |              1 |         1.00 |
|  AudioInterface_inst/BCLK_OBUF_BUFG  |                                                      |                                                       |                1 |              1 |         1.00 |
|  DCM_inst/inst/clk_out1              | music_player_inst/u_mcu/u_controller/E[0]            | reset_IBUF                                            |                1 |              2 |         2.00 |
|  AudioInterface_inst/LRCLK_OBUF_BUFG |                                                      |                                                       |                1 |              3 |         3.00 |
|  DCM_inst/inst/clk_out1              | next_button_process_unit/debounce/div_inst/E[0]      | next_button_process_unit/debounce/state/SR[0]         |                1 |              4 |         4.00 |
|  DCM_inst/inst/clk_out1              | play_button_process_unit/debounce/div_inst/E[0]      | play_button_process_unit/debounce/state/SR[0]         |                1 |              4 |         4.00 |
|  DCM_inst/inst/clk_out1              | music_player_inst/u_note_player/u_np_controller/E[0] | reset_IBUF                                            |                2 |              5 |         2.50 |
|  AudioInterface_inst/LRCLK_OBUF_BUFG | AudioInterface_inst/I2cInterface_inst/Q[1]           | reset_IBUF                                            |                2 |              5 |         2.50 |
|  DCM_inst/inst/clk_out1              |                                                      | reset_IBUF                                            |                3 |              6 |         2.00 |
|  DCM_inst/inst/clk_out1              | music_player_inst/u_beater/E[0]                      | music_player_inst/u_note_player/u_np_controller/SR[0] |                2 |              6 |         3.00 |
| ~AudioInterface_inst/MCLK_OBUF_BUFG  |                                                      |                                                       |                2 |              8 |         4.00 |
|  DCM_inst/inst/clk_out1              | music_player_inst/u_syncer/ready                     | reset_IBUF                                            |                3 |             10 |         3.33 |
|  AudioInterface_inst/LRCLK_OBUF_BUFG |                                                      | reset_IBUF                                            |                6 |             15 |         2.50 |
|  DCM_inst/inst/clk_out1              |                                                      | next_button_process_unit/debounce/div_inst/E[0]       |                4 |             16 |         4.00 |
|  DCM_inst/inst/clk_out1              |                                                      | play_button_process_unit/debounce/div_inst/E[0]       |                4 |             16 |         4.00 |
|  DCM_inst/inst/clk_out1              | music_player_inst/u_syncer/ready                     |                                                       |                5 |             16 |         3.20 |
| ~AudioInterface_inst/BCLK_OBUF_BUFG  |                                                      |                                                       |                7 |             16 |         2.29 |
|  DCM_inst/inst/clk_out1              |                                                      |                                                       |               15 |             22 |         1.47 |
|  DCM_inst/inst/clk_out1              | music_player_inst/u_syncer/ready                     | music_player_inst/u_mcu/u_controller/SR[0]            |                6 |             22 |         3.67 |
+--------------------------------------+------------------------------------------------------+-------------------------------------------------------+------------------+----------------+--------------+


